
================================================================================
OBJECTIVE 2 (OKR 2) ALGORITHM PIPELINE
================================================================================
Attributes to process: name, phone, website, address, category
Working directory: /Users/katemikhailova/mayhem_restart/Mayhem_Attribute_Conflation

################################################################################
PROCESSING ATTRIBUTE: NAME
################################################################################

================================================================================
STEP: Generate Synthetic Golden Dataset
================================================================================
Running: /Users/katemikhailova/mayhem_restart/Mayhem_Attribute_Conflation/.venv/bin/python scripts/generate_synthetic_dataset.py --limit 2000
Generating synthetic records from Yelp (limit=2000)...
✅ Generated 2000 synthetic records to data/synthetic_golden_dataset_2k.json


================================================================================
STEP: Process Synthetic Data (Features for name)
================================================================================
Running: /Users/katemikhailova/mayhem_restart/Mayhem_Attribute_Conflation/.venv/bin/python -m scripts.process_synthetic_data --attribute name
Loading synthetic dataset from data/synthetic_golden_dataset_2k.json...
Converted 2000 records to DataFrame.
Extracting features for 'name'...
Applying labels...
✅ Saved features with labels to data/processed/features_name_synthetic.parquet


================================================================================
STEP: Train ML Models (name)
================================================================================
Running: /Users/katemikhailova/mayhem_restart/Mayhem_Attribute_Conflation/.venv/bin/python scripts/train_models.py --features data/processed/features_name_synthetic.parquet --output-dir models/ml/name
Loading training data from data/processed/features_name_synthetic.parquet...
Loaded 2000 samples with 27 features
Label distribution: {'c': 1012, 'b': 988}

Train set: 1600 samples
Val set:   400 samples

Training Logistic Regression...
  Train F1: 0.6617
  Val F1:   0.6631
  Val Acc:  0.5250
  Train Duration: 0.01s
  Peak Memory: 194.00MB

Training Random Forest...
  Train F1: 0.6507
  Val F1:   0.5607
  Val Acc:  0.5300
  Train Duration: 0.17s
  Peak Memory: 199.78MB
  Top 5 features: ['name_current_length', 'name_base_length', 'name_current_has_apostrophe', 'name_base_has_apostrophe', 'name_levenshtein_similarity']

Training Gradient Boosting...
  Train F1: 0.6173
  Val F1:   0.5749
  Val Acc:  0.5600
  Train Duration: 0.13s
  Peak Memory: 201.33MB
  Top 5 features: ['name_base_length', 'name_current_length', 'name_current_has_apostrophe', 'name_base_has_apostrophe', 'name_jaro_winkler_similarity']

================================================================================
Best Model: logistic_regression (F1: 0.6631)
================================================================================
Saved best model to models/ml/name/best_model_logistic_regression.joblib
Saved scaler to models/ml/name/scaler_logistic_regression.joblib
Saved training summary to models/ml/name/training_summary.json


================================================================================
STEP: Run ML Inference on 200 Real Records (name)
================================================================================
Running: /Users/katemikhailova/mayhem_restart/Mayhem_Attribute_Conflation/.venv/bin/python -m scripts.run_inference --attribute name --data data/golden_dataset_200.json --model models/ml/name/best_model_logistic_regression.joblib --output data/results/ml_predictions_200_real_name.json
================================================================================
RUNNING INFERENCE ON 2,000 OVERTURE RECORDS (NAME ATTRIBUTE)
================================================================================
Initial memory usage: 97.69 MB
Loading Overture data from data/golden_dataset_200.json...
Loaded 200 records.
Loading model from models/ml/name/best_model_logistic_regression.joblib...
Model loaded: logistic_regression
Running gated inference for 'name' attribute...
Rule-resolved records: 98
ML-resolved records:   102

================================================================================
INFERENCE COMPLETE
================================================================================
Total Records: 200
Decisions: Current=140, Base=60
Results saved to: data/results/ml_predictions_200_real_name.json
Inference Duration: 0.0156 seconds
Initial Memory: 97.69 MB
Peak Memory: 172.27 MB

Sample Decisions:
[CURRENT] ร้านตัดผมพี่ริน ห้วยตะแคง... vs ร้านตัดผมพี่ริน ห้วยตะแคง... -> ร้านตัดผมพี่ริน ห้วยตะแคง...
[CURRENT] davaindia GENERIC PHARMACY... vs Davaindia Generic Pharmacy... -> davaindia GENERIC PHARMACY...
[CURRENT] The Home Depot México... vs The Home Depot... -> The Home Depot México...
[CURRENT] Sonei Jewellers... vs Sonei Jewellers... -> Sonei Jewellers...
[BASE] Imobiliária Alegro... vs Imobiliaria Alegro... -> Imobiliaria Alegro...

STDERR: /Users/katemikhailova/mayhem_restart/Mayhem_Attribute_Conflation/.venv/lib/python3.13/site-packages/sklearn/utils/validation.py:2684: UserWarning: X has feature names, but LogisticRegression was fitted without feature names
  warnings.warn(
/Users/katemikhailova/mayhem_restart/Mayhem_Attribute_Conflation/.venv/lib/python3.13/site-packages/sklearn/utils/validation.py:2684: UserWarning: X has feature names, but LogisticRegression was fitted without feature names
  warnings.warn(


================================================================================
STEP: Evaluate ML Model on 200 Real Records (name)
================================================================================
Running: /Users/katemikhailova/mayhem_restart/Mayhem_Attribute_Conflation/.venv/bin/python scripts/evaluate_models.py --predictions data/results/ml_predictions_200_real_name.json --golden data/golden_dataset_200.json --attribute name --algorithm-name ML Model (name) --output data/results/ml_evaluation_200_real_name.json
Loading predictions from data/results/ml_predictions_200_real_name.json...
Loading golden labels from data/golden_dataset_200.json...

================================================================================
EVALUATION REPORT: ML Model (name)
================================================================================

Metrics:
  F1-Score:    0.7491 (74.91%)
  Accuracy:    0.6450 (64.50%)
  Precision:   0.7571 (75.71%)
  Recall:      0.7413 (74.13%)

Coverage:
  Total Records: 200
  Unclear:       0
  Coverage:      1.0000 (100.00%)

KR Targets:
  KR1 (Beat baseline by 15%+): [TBD]
  KR2 (F1 > 0.90): [NO]
  KR3 (Coverage > 99%): [YES]

Results saved to data/results/ml_evaluation_200_real_name.json


================================================================================
EVALUATING BASELINE HEURISTICS (NAME)
================================================================================

================================================================================
STEP: Run Baseline 'most_recent' Predictions (name)
================================================================================
Running: /Users/katemikhailova/mayhem_restart/Mayhem_Attribute_Conflation/.venv/bin/python scripts/baseline_heuristics.py --baseline most_recent --attribute name --data data/golden_dataset_200.json --output data/results/predictions_baseline_most_recent_200_real_name.json

Using baseline: Most Recent for attribute: name
Predictions saved to data/results/predictions_baseline_most_recent_200_real_name.json

Prediction distribution: {'same': 98, 'current': 102}


================================================================================
STEP: Evaluate Baseline 'most_recent' (name)
================================================================================
Running: /Users/katemikhailova/mayhem_restart/Mayhem_Attribute_Conflation/.venv/bin/python scripts/evaluate_models.py --predictions data/results/predictions_baseline_most_recent_200_real_name.json --golden data/golden_dataset_200.json --attribute name --algorithm-name Baseline Most Recent (name) --output data/results/baseline_evaluation_200_real_most_recent_name.json
Loading predictions from data/results/predictions_baseline_most_recent_200_real_name.json...
Loading golden labels from data/golden_dataset_200.json...

================================================================================
EVALUATION REPORT: Baseline Most Recent (name)
================================================================================

Metrics:
  F1-Score:    0.8338 (83.38%)
  Accuracy:    0.7150 (71.50%)
  Precision:   0.7150 (71.50%)
  Recall:      1.0000 (100.00%)

Coverage:
  Total Records: 200
  Unclear:       0
  Coverage:      1.0000 (100.00%)

KR Targets:
  KR1 (Beat baseline by 15%+): [TBD]
  KR2 (F1 > 0.90): [NO]
  KR3 (Coverage > 99%): [YES]

Results saved to data/results/baseline_evaluation_200_real_most_recent_name.json


================================================================================
STEP: Run Baseline 'confidence' Predictions (name)
================================================================================
Running: /Users/katemikhailova/mayhem_restart/Mayhem_Attribute_Conflation/.venv/bin/python scripts/baseline_heuristics.py --baseline confidence --attribute name --data data/golden_dataset_200.json --output data/results/predictions_baseline_confidence_200_real_name.json

Using baseline: Confidence-Based for attribute: name
Predictions saved to data/results/predictions_baseline_confidence_200_real_name.json

Prediction distribution: {'same': 139, 'base': 44, 'current': 17}


================================================================================
STEP: Evaluate Baseline 'confidence' (name)
================================================================================
Running: /Users/katemikhailova/mayhem_restart/Mayhem_Attribute_Conflation/.venv/bin/python scripts/evaluate_models.py --predictions data/results/predictions_baseline_confidence_200_real_name.json --golden data/golden_dataset_200.json --attribute name --algorithm-name Baseline Confidence (name) --output data/results/baseline_evaluation_200_real_confidence_name.json
Loading predictions from data/results/predictions_baseline_confidence_200_real_name.json...
Loading golden labels from data/golden_dataset_200.json...

================================================================================
EVALUATION REPORT: Baseline Confidence (name)
================================================================================

Metrics:
  F1-Score:    0.7692 (76.92%)
  Accuracy:    0.6550 (65.50%)
  Precision:   0.7372 (73.72%)
  Recall:      0.8042 (80.42%)

Coverage:
  Total Records: 200
  Unclear:       0
  Coverage:      1.0000 (100.00%)

KR Targets:
  KR1 (Beat baseline by 15%+): [TBD]
  KR2 (F1 > 0.90): [NO]
  KR3 (Coverage > 99%): [YES]

Results saved to data/results/baseline_evaluation_200_real_confidence_name.json


================================================================================
STEP: Run Baseline 'completeness' Predictions (name)
================================================================================
Running: /Users/katemikhailova/mayhem_restart/Mayhem_Attribute_Conflation/.venv/bin/python scripts/baseline_heuristics.py --baseline completeness --attribute name --data data/golden_dataset_200.json --output data/results/predictions_baseline_completeness_200_real_name.json

Using baseline: Completeness-Based for attribute: name
Predictions saved to data/results/predictions_baseline_completeness_200_real_name.json

Prediction distribution: {'same': 98, 'base': 67, 'current': 35}


================================================================================
STEP: Evaluate Baseline 'completeness' (name)
================================================================================
Running: /Users/katemikhailova/mayhem_restart/Mayhem_Attribute_Conflation/.venv/bin/python scripts/evaluate_models.py --predictions data/results/predictions_baseline_completeness_200_real_name.json --golden data/golden_dataset_200.json --attribute name --algorithm-name Baseline Completeness (name) --output data/results/baseline_evaluation_200_real_completeness_name.json
Loading predictions from data/results/predictions_baseline_completeness_200_real_name.json...
Loading golden labels from data/golden_dataset_200.json...

================================================================================
EVALUATION REPORT: Baseline Completeness (name)
================================================================================

Metrics:
  F1-Score:    0.7319 (73.19%)
  Accuracy:    0.6300 (63.00%)
  Precision:   0.7594 (75.94%)
  Recall:      0.7063 (70.63%)

Coverage:
  Total Records: 200
  Unclear:       0
  Coverage:      1.0000 (100.00%)

KR Targets:
  KR1 (Beat baseline by 15%+): [TBD]
  KR2 (F1 > 0.90): [NO]
  KR3 (Coverage > 99%): [YES]

Results saved to data/results/baseline_evaluation_200_real_completeness_name.json


================================================================================
STEP: Run Baseline 'hybrid' Predictions (name)
================================================================================
Running: /Users/katemikhailova/mayhem_restart/Mayhem_Attribute_Conflation/.venv/bin/python scripts/baseline_heuristics.py --baseline hybrid --attribute name --data data/golden_dataset_200.json --output data/results/predictions_baseline_hybrid_200_real_name.json

Using baseline: Hybrid for attribute: name
Predictions saved to data/results/predictions_baseline_hybrid_200_real_name.json

Prediction distribution: {'same': 98, 'base': 43, 'current': 59}


================================================================================
STEP: Evaluate Baseline 'hybrid' (name)
================================================================================
Running: /Users/katemikhailova/mayhem_restart/Mayhem_Attribute_Conflation/.venv/bin/python scripts/evaluate_models.py --predictions data/results/predictions_baseline_hybrid_200_real_name.json --golden data/golden_dataset_200.json --attribute name --algorithm-name Baseline Hybrid (name) --output data/results/baseline_evaluation_200_real_hybrid_name.json
Loading predictions from data/results/predictions_baseline_hybrid_200_real_name.json...
Loading golden labels from data/golden_dataset_200.json...

================================================================================
EVALUATION REPORT: Baseline Hybrid (name)
================================================================================

Metrics:
  F1-Score:    0.7667 (76.67%)
  Accuracy:    0.6500 (65.00%)
  Precision:   0.7325 (73.25%)
  Recall:      0.8042 (80.42%)

Coverage:
  Total Records: 200
  Unclear:       0
  Coverage:      1.0000 (100.00%)

KR Targets:
  KR1 (Beat baseline by 15%+): [TBD]
  KR2 (F1 > 0.90): [NO]
  KR3 (Coverage > 99%): [YES]

Results saved to data/results/baseline_evaluation_200_real_hybrid_name.json


Skipping final ML inference for name on 2000 records.

################################################################################
PROCESSING ATTRIBUTE: PHONE
################################################################################

Synthetic golden dataset already generated (skip for subsequent attributes).

================================================================================
STEP: Process Synthetic Data (Features for phone)
================================================================================
Running: /Users/katemikhailova/mayhem_restart/Mayhem_Attribute_Conflation/.venv/bin/python -m scripts.process_synthetic_data --attribute phone
Loading synthetic dataset from data/synthetic_golden_dataset_2k.json...
Converted 2000 records to DataFrame.
Extracting features for 'phone'...
Applying labels...
✅ Saved features with labels to data/processed/features_phone_synthetic.parquet


================================================================================
STEP: Train ML Models (phone)
================================================================================
Running: /Users/katemikhailova/mayhem_restart/Mayhem_Attribute_Conflation/.venv/bin/python scripts/train_models.py --features data/processed/features_phone_synthetic.parquet --output-dir models/ml/phone
Loading training data from data/processed/features_phone_synthetic.parquet...
Loaded 2000 samples with 23 features
Label distribution: {'c': 1012, 'b': 988}

Train set: 1600 samples
Val set:   400 samples

Training Logistic Regression...
  Train F1: 0.8790
  Val F1:   0.8764
  Val Acc:  0.8575
  Train Duration: 0.00s
  Peak Memory: 193.53MB

Training Random Forest...
  Train F1: 0.8790
  Val F1:   0.8764
  Val Acc:  0.8575
  Train Duration: 0.17s
  Peak Memory: 195.72MB
  Top 5 features: ['phone_current_has_plus', 'phone_base_has_plus', 'phone_current_len', 'phone_base_len', 'phone_base_has_paren']

Training Gradient Boosting...
  Train F1: 0.8790
  Val F1:   0.8764
  Val Acc:  0.8575
  Train Duration: 0.09s
  Peak Memory: 196.80MB
  Top 5 features: ['phone_current_has_plus', 'phone_len_diff', 'phone_base_has_plus', 'phone_length_ratio', 'phone_levenshtein_similarity']

================================================================================
Best Model: logistic_regression (F1: 0.8764)
================================================================================
Saved best model to models/ml/phone/best_model_logistic_regression.joblib
Saved scaler to models/ml/phone/scaler_logistic_regression.joblib
Saved training summary to models/ml/phone/training_summary.json


================================================================================
STEP: Run ML Inference on 200 Real Records (phone)
================================================================================
Running: /Users/katemikhailova/mayhem_restart/Mayhem_Attribute_Conflation/.venv/bin/python -m scripts.run_inference --attribute phone --data data/golden_dataset_200.json --model models/ml/phone/best_model_logistic_regression.joblib --output data/results/ml_predictions_200_real_phone.json
================================================================================
RUNNING INFERENCE ON 2,000 OVERTURE RECORDS (PHONE ATTRIBUTE)
================================================================================
Initial memory usage: 96.58 MB
Loading Overture data from data/golden_dataset_200.json...
Loaded 200 records.
Loading model from models/ml/phone/best_model_logistic_regression.joblib...
Model loaded: logistic_regression
Running gated inference for 'phone' attribute...
Rule-resolved records: 47
ML-resolved records:   153

================================================================================
INFERENCE COMPLETE
================================================================================
Total Records: 200
Decisions: Current=160, Base=40
Results saved to: data/results/ml_predictions_200_real_phone.json
Inference Duration: 0.0124 seconds
Initial Memory: 96.58 MB
Peak Memory: 170.77 MB

Sample Decisions:
[BASE] nan... vs None... -> None...
[CURRENT] 09818559767... vs 09818559767... -> 09818559767...
[BASE] +528000046633... vs None... -> None...
[CURRENT] +16045748049... vs 6045748049... -> +16045748049...
[BASE] +555130673966... vs None... -> None...

STDERR: /Users/katemikhailova/mayhem_restart/Mayhem_Attribute_Conflation/.venv/lib/python3.13/site-packages/sklearn/utils/validation.py:2684: UserWarning: X has feature names, but LogisticRegression was fitted without feature names
  warnings.warn(
/Users/katemikhailova/mayhem_restart/Mayhem_Attribute_Conflation/.venv/lib/python3.13/site-packages/sklearn/utils/validation.py:2684: UserWarning: X has feature names, but LogisticRegression was fitted without feature names
  warnings.warn(


================================================================================
STEP: Evaluate ML Model on 200 Real Records (phone)
================================================================================
Running: /Users/katemikhailova/mayhem_restart/Mayhem_Attribute_Conflation/.venv/bin/python scripts/evaluate_models.py --predictions data/results/ml_predictions_200_real_phone.json --golden data/golden_dataset_200.json --attribute phone --algorithm-name ML Model (phone) --output data/results/ml_evaluation_200_real_phone.json
Loading predictions from data/results/ml_predictions_200_real_phone.json...
Loading golden labels from data/golden_dataset_200.json...

================================================================================
EVALUATION REPORT: ML Model (phone)
================================================================================

Metrics:
  F1-Score:    0.8053 (80.53%)
  Accuracy:    0.7050 (70.50%)
  Precision:   0.7625 (76.25%)
  Recall:      0.8531 (85.31%)

Coverage:
  Total Records: 200
  Unclear:       0
  Coverage:      1.0000 (100.00%)

KR Targets:
  KR1 (Beat baseline by 15%+): [TBD]
  KR2 (F1 > 0.90): [NO]
  KR3 (Coverage > 99%): [YES]

Results saved to data/results/ml_evaluation_200_real_phone.json


================================================================================
EVALUATING BASELINE HEURISTICS (PHONE)
================================================================================

================================================================================
STEP: Run Baseline 'most_recent' Predictions (phone)
================================================================================
Running: /Users/katemikhailova/mayhem_restart/Mayhem_Attribute_Conflation/.venv/bin/python scripts/baseline_heuristics.py --baseline most_recent --attribute phone --data data/golden_dataset_200.json --output data/results/predictions_baseline_most_recent_200_real_phone.json

Using baseline: Most Recent for attribute: phone
Predictions saved to data/results/predictions_baseline_most_recent_200_real_phone.json

Prediction distribution: {'base': 11, 'same': 35, 'current': 154}


================================================================================
STEP: Evaluate Baseline 'most_recent' (phone)
================================================================================
Running: /Users/katemikhailova/mayhem_restart/Mayhem_Attribute_Conflation/.venv/bin/python scripts/evaluate_models.py --predictions data/results/predictions_baseline_most_recent_200_real_phone.json --golden data/golden_dataset_200.json --attribute phone --algorithm-name Baseline Most Recent (phone) --output data/results/baseline_evaluation_200_real_most_recent_phone.json
Loading predictions from data/results/predictions_baseline_most_recent_200_real_phone.json...
Loading golden labels from data/golden_dataset_200.json...

================================================================================
EVALUATION REPORT: Baseline Most Recent (phone)
================================================================================

Metrics:
  F1-Score:    0.8554 (85.54%)
  Accuracy:    0.7600 (76.00%)
  Precision:   0.7513 (75.13%)
  Recall:      0.9930 (99.30%)

Coverage:
  Total Records: 200
  Unclear:       0
  Coverage:      1.0000 (100.00%)

KR Targets:
  KR1 (Beat baseline by 15%+): [TBD]
  KR2 (F1 > 0.90): [NO]
  KR3 (Coverage > 99%): [YES]

Results saved to data/results/baseline_evaluation_200_real_most_recent_phone.json


================================================================================
STEP: Run Baseline 'confidence' Predictions (phone)
================================================================================
Running: /Users/katemikhailova/mayhem_restart/Mayhem_Attribute_Conflation/.venv/bin/python scripts/baseline_heuristics.py --baseline confidence --attribute phone --data data/golden_dataset_200.json --output data/results/predictions_baseline_confidence_200_real_phone.json

Using baseline: Confidence-Based for attribute: phone
Predictions saved to data/results/predictions_baseline_confidence_200_real_phone.json

Prediction distribution: {'base': 62, 'same': 84, 'current': 54}


================================================================================
STEP: Evaluate Baseline 'confidence' (phone)
================================================================================
Running: /Users/katemikhailova/mayhem_restart/Mayhem_Attribute_Conflation/.venv/bin/python scripts/evaluate_models.py --predictions data/results/predictions_baseline_confidence_200_real_phone.json --golden data/golden_dataset_200.json --attribute phone --algorithm-name Baseline Confidence (phone) --output data/results/baseline_evaluation_200_real_confidence_phone.json
Loading predictions from data/results/predictions_baseline_confidence_200_real_phone.json...
Loading golden labels from data/golden_dataset_200.json...

================================================================================
EVALUATION REPORT: Baseline Confidence (phone)
================================================================================

Metrics:
  F1-Score:    0.7616 (76.16%)
  Accuracy:    0.6650 (66.50%)
  Precision:   0.7754 (77.54%)
  Recall:      0.7483 (74.83%)

Coverage:
  Total Records: 200
  Unclear:       0
  Coverage:      1.0000 (100.00%)

KR Targets:
  KR1 (Beat baseline by 15%+): [TBD]
  KR2 (F1 > 0.90): [NO]
  KR3 (Coverage > 99%): [YES]

Results saved to data/results/baseline_evaluation_200_real_confidence_phone.json


================================================================================
STEP: Run Baseline 'completeness' Predictions (phone)
================================================================================
Running: /Users/katemikhailova/mayhem_restart/Mayhem_Attribute_Conflation/.venv/bin/python scripts/baseline_heuristics.py --baseline completeness --attribute phone --data data/golden_dataset_200.json --output data/results/predictions_baseline_completeness_200_real_phone.json

Using baseline: Completeness-Based for attribute: phone
Predictions saved to data/results/predictions_baseline_completeness_200_real_phone.json

Prediction distribution: {'base': 11, 'same': 35, 'current': 154}


================================================================================
STEP: Evaluate Baseline 'completeness' (phone)
================================================================================
Running: /Users/katemikhailova/mayhem_restart/Mayhem_Attribute_Conflation/.venv/bin/python scripts/evaluate_models.py --predictions data/results/predictions_baseline_completeness_200_real_phone.json --golden data/golden_dataset_200.json --attribute phone --algorithm-name Baseline Completeness (phone) --output data/results/baseline_evaluation_200_real_completeness_phone.json
Loading predictions from data/results/predictions_baseline_completeness_200_real_phone.json...
Loading golden labels from data/golden_dataset_200.json...

================================================================================
EVALUATION REPORT: Baseline Completeness (phone)
================================================================================

Metrics:
  F1-Score:    0.8554 (85.54%)
  Accuracy:    0.7600 (76.00%)
  Precision:   0.7513 (75.13%)
  Recall:      0.9930 (99.30%)

Coverage:
  Total Records: 200
  Unclear:       0
  Coverage:      1.0000 (100.00%)

KR Targets:
  KR1 (Beat baseline by 15%+): [TBD]
  KR2 (F1 > 0.90): [NO]
  KR3 (Coverage > 99%): [YES]

Results saved to data/results/baseline_evaluation_200_real_completeness_phone.json


================================================================================
STEP: Run Baseline 'hybrid' Predictions (phone)
================================================================================
Running: /Users/katemikhailova/mayhem_restart/Mayhem_Attribute_Conflation/.venv/bin/python scripts/baseline_heuristics.py --baseline hybrid --attribute phone --data data/golden_dataset_200.json --output data/results/predictions_baseline_hybrid_200_real_phone.json

Using baseline: Hybrid for attribute: phone
Predictions saved to data/results/predictions_baseline_hybrid_200_real_phone.json

Prediction distribution: {'base': 11, 'same': 35, 'current': 154}


================================================================================
STEP: Evaluate Baseline 'hybrid' (phone)
================================================================================
Running: /Users/katemikhailova/mayhem_restart/Mayhem_Attribute_Conflation/.venv/bin/python scripts/evaluate_models.py --predictions data/results/predictions_baseline_hybrid_200_real_phone.json --golden data/golden_dataset_200.json --attribute phone --algorithm-name Baseline Hybrid (phone) --output data/results/baseline_evaluation_200_real_hybrid_phone.json
Loading predictions from data/results/predictions_baseline_hybrid_200_real_phone.json...
Loading golden labels from data/golden_dataset_200.json...

================================================================================
EVALUATION REPORT: Baseline Hybrid (phone)
================================================================================

Metrics:
  F1-Score:    0.8554 (85.54%)
  Accuracy:    0.7600 (76.00%)
  Precision:   0.7513 (75.13%)
  Recall:      0.9930 (99.30%)

Coverage:
  Total Records: 200
  Unclear:       0
  Coverage:      1.0000 (100.00%)

KR Targets:
  KR1 (Beat baseline by 15%+): [TBD]
  KR2 (F1 > 0.90): [NO]
  KR3 (Coverage > 99%): [YES]

Results saved to data/results/baseline_evaluation_200_real_hybrid_phone.json


Skipping final ML inference for phone on 2000 records.

################################################################################
PROCESSING ATTRIBUTE: WEBSITE
################################################################################

Synthetic golden dataset already generated (skip for subsequent attributes).

================================================================================
STEP: Process Synthetic Data (Features for website)
================================================================================
Running: /Users/katemikhailova/mayhem_restart/Mayhem_Attribute_Conflation/.venv/bin/python -m scripts.process_synthetic_data --attribute website
Loading synthetic dataset from data/synthetic_golden_dataset_2k.json...
Converted 2000 records to DataFrame.
Extracting features for 'website'...
Applying labels...
✅ Saved features with labels to data/processed/features_website_synthetic.parquet


================================================================================
STEP: Train ML Models (website)
================================================================================
Running: /Users/katemikhailova/mayhem_restart/Mayhem_Attribute_Conflation/.venv/bin/python scripts/train_models.py --features data/processed/features_website_synthetic.parquet --output-dir models/ml/website
Loading training data from data/processed/features_website_synthetic.parquet...
Loaded 2000 samples with 20 features
Label distribution: {'c': 1012, 'b': 988}

Train set: 1600 samples
Val set:   400 samples

Training Logistic Regression...
  Train F1: 0.6204
  Val F1:   0.5922
  Val Acc:  0.4800
  Train Duration: 0.00s
  Peak Memory: 193.70MB

Training Random Forest...
  Train F1: 0.6607
  Val F1:   0.6059
  Val Acc:  0.4700
  Train Duration: 0.17s
  Peak Memory: 197.06MB
  Top 5 features: ['web_len_ratio', 'web_length_ratio', 'web_len_diff', 'web_exact_match_lower', 'web_jaro_winkler_similarity']

Training Gradient Boosting...
  Train F1: 0.6657
  Val F1:   0.6252
  Val Acc:  0.4875
  Train Duration: 0.09s
  Peak Memory: 198.48MB
  Top 5 features: ['web_len_diff', 'web_length_ratio', 'web_len_ratio', 'web_exact_match_lower', 'web_exact_match']

================================================================================
Best Model: gradient_boosting (F1: 0.6252)
================================================================================
Saved best model to models/ml/website/best_model_gradient_boosting.joblib
Saved training summary to models/ml/website/training_summary.json


================================================================================
STEP: Run ML Inference on 200 Real Records (website)
================================================================================
Running: /Users/katemikhailova/mayhem_restart/Mayhem_Attribute_Conflation/.venv/bin/python -m scripts.run_inference --attribute website --data data/golden_dataset_200.json --model models/ml/website/best_model_gradient_boosting.joblib --output data/results/ml_predictions_200_real_website.json
================================================================================
RUNNING INFERENCE ON 2,000 OVERTURE RECORDS (WEBSITE ATTRIBUTE)
================================================================================
Initial memory usage: 96.73 MB
Loading Overture data from data/golden_dataset_200.json...
Loaded 200 records.
Loading model from models/ml/website/best_model_gradient_boosting.joblib...
Model loaded: gradient_boosting
Running gated inference for 'website' attribute...
Rule-resolved records: 0
ML-resolved records:   200

================================================================================
INFERENCE COMPLETE
================================================================================
Total Records: 200
Decisions: Current=163, Base=37
Results saved to: data/results/ml_predictions_200_real_website.json
Inference Duration: 0.0465 seconds
Initial Memory: 96.73 MB
Peak Memory: 181.59 MB

Sample Decisions:
[CURRENT] nan... vs None... -> nan...
[CURRENT] http://sector15rohini.davaindi... vs https://pharmacy-nearme.davain... -> http://sector15rohini.davaindi...
[CURRENT] http://www.homedepot.com.mx/... vs http://www.homedepot.com... -> http://www.homedepot.com.mx/...
[CURRENT] http://soneijewellers.ca/... vs https://soneijewellers.ca/... -> http://soneijewellers.ca/...
[CURRENT] http://www.imobiliariaalegro.c... vs None... -> http://www.imobiliariaalegro.c...


================================================================================
STEP: Evaluate ML Model on 200 Real Records (website)
================================================================================
Running: /Users/katemikhailova/mayhem_restart/Mayhem_Attribute_Conflation/.venv/bin/python scripts/evaluate_models.py --predictions data/results/ml_predictions_200_real_website.json --golden data/golden_dataset_200.json --attribute website --algorithm-name ML Model (website) --output data/results/ml_evaluation_200_real_website.json
Loading predictions from data/results/ml_predictions_200_real_website.json...
Loading golden labels from data/golden_dataset_200.json...

================================================================================
EVALUATION REPORT: ML Model (website)
================================================================================

Metrics:
  F1-Score:    0.7582 (75.82%)
  Accuracy:    0.6300 (63.00%)
  Precision:   0.7117 (71.17%)
  Recall:      0.8112 (81.12%)

Coverage:
  Total Records: 200
  Unclear:       0
  Coverage:      1.0000 (100.00%)

KR Targets:
  KR1 (Beat baseline by 15%+): [TBD]
  KR2 (F1 > 0.90): [NO]
  KR3 (Coverage > 99%): [YES]

Results saved to data/results/ml_evaluation_200_real_website.json


================================================================================
EVALUATING BASELINE HEURISTICS (WEBSITE)
================================================================================

================================================================================
STEP: Run Baseline 'most_recent' Predictions (website)
================================================================================
Running: /Users/katemikhailova/mayhem_restart/Mayhem_Attribute_Conflation/.venv/bin/python scripts/baseline_heuristics.py --baseline most_recent --attribute website --data data/golden_dataset_200.json --output data/results/predictions_baseline_most_recent_200_real_website.json

Using baseline: Most Recent for attribute: website
Predictions saved to data/results/predictions_baseline_most_recent_200_real_website.json

Prediction distribution: {'base': 33, 'current': 84, 'same': 83}


================================================================================
STEP: Evaluate Baseline 'most_recent' (website)
================================================================================
Running: /Users/katemikhailova/mayhem_restart/Mayhem_Attribute_Conflation/.venv/bin/python scripts/evaluate_models.py --predictions data/results/predictions_baseline_most_recent_200_real_website.json --golden data/golden_dataset_200.json --attribute website --algorithm-name Baseline Most Recent (website) --output data/results/baseline_evaluation_200_real_most_recent_website.json
Loading predictions from data/results/predictions_baseline_most_recent_200_real_website.json...
Loading golden labels from data/golden_dataset_200.json...

================================================================================
EVALUATION REPORT: Baseline Most Recent (website)
================================================================================

Metrics:
  F1-Score:    0.8323 (83.23%)
  Accuracy:    0.7400 (74.00%)
  Precision:   0.7725 (77.25%)
  Recall:      0.9021 (90.21%)

Coverage:
  Total Records: 200
  Unclear:       0
  Coverage:      1.0000 (100.00%)

KR Targets:
  KR1 (Beat baseline by 15%+): [TBD]
  KR2 (F1 > 0.90): [NO]
  KR3 (Coverage > 99%): [YES]

Results saved to data/results/baseline_evaluation_200_real_most_recent_website.json


================================================================================
STEP: Run Baseline 'confidence' Predictions (website)
================================================================================
Running: /Users/katemikhailova/mayhem_restart/Mayhem_Attribute_Conflation/.venv/bin/python scripts/baseline_heuristics.py --baseline confidence --attribute website --data data/golden_dataset_200.json --output data/results/predictions_baseline_confidence_200_real_website.json

Using baseline: Confidence-Based for attribute: website
Predictions saved to data/results/predictions_baseline_confidence_200_real_website.json

Prediction distribution: {'base': 57, 'same': 119, 'current': 24}


================================================================================
STEP: Evaluate Baseline 'confidence' (website)
================================================================================
Running: /Users/katemikhailova/mayhem_restart/Mayhem_Attribute_Conflation/.venv/bin/python scripts/evaluate_models.py --predictions data/results/predictions_baseline_confidence_200_real_website.json --golden data/golden_dataset_200.json --attribute website --algorithm-name Baseline Confidence (website) --output data/results/baseline_evaluation_200_real_confidence_website.json
Loading predictions from data/results/predictions_baseline_confidence_200_real_website.json...
Loading golden labels from data/golden_dataset_200.json...

================================================================================
EVALUATION REPORT: Baseline Confidence (website)
================================================================================

Metrics:
  F1-Score:    0.7832 (78.32%)
  Accuracy:    0.6900 (69.00%)
  Precision:   0.7832 (78.32%)
  Recall:      0.7832 (78.32%)

Coverage:
  Total Records: 200
  Unclear:       0
  Coverage:      1.0000 (100.00%)

KR Targets:
  KR1 (Beat baseline by 15%+): [TBD]
  KR2 (F1 > 0.90): [NO]
  KR3 (Coverage > 99%): [YES]

Results saved to data/results/baseline_evaluation_200_real_confidence_website.json


================================================================================
STEP: Run Baseline 'completeness' Predictions (website)
================================================================================
Running: /Users/katemikhailova/mayhem_restart/Mayhem_Attribute_Conflation/.venv/bin/python scripts/baseline_heuristics.py --baseline completeness --attribute website --data data/golden_dataset_200.json --output data/results/predictions_baseline_completeness_200_real_website.json

Using baseline: Completeness-Based for attribute: website
Predictions saved to data/results/predictions_baseline_completeness_200_real_website.json

Prediction distribution: {'base': 33, 'current': 84, 'same': 83}


================================================================================
STEP: Evaluate Baseline 'completeness' (website)
================================================================================
Running: /Users/katemikhailova/mayhem_restart/Mayhem_Attribute_Conflation/.venv/bin/python scripts/evaluate_models.py --predictions data/results/predictions_baseline_completeness_200_real_website.json --golden data/golden_dataset_200.json --attribute website --algorithm-name Baseline Completeness (website) --output data/results/baseline_evaluation_200_real_completeness_website.json
Loading predictions from data/results/predictions_baseline_completeness_200_real_website.json...
Loading golden labels from data/golden_dataset_200.json...

================================================================================
EVALUATION REPORT: Baseline Completeness (website)
================================================================================

Metrics:
  F1-Score:    0.8323 (83.23%)
  Accuracy:    0.7400 (74.00%)
  Precision:   0.7725 (77.25%)
  Recall:      0.9021 (90.21%)

Coverage:
  Total Records: 200
  Unclear:       0
  Coverage:      1.0000 (100.00%)

KR Targets:
  KR1 (Beat baseline by 15%+): [TBD]
  KR2 (F1 > 0.90): [NO]
  KR3 (Coverage > 99%): [YES]

Results saved to data/results/baseline_evaluation_200_real_completeness_website.json


================================================================================
STEP: Run Baseline 'hybrid' Predictions (website)
================================================================================
Running: /Users/katemikhailova/mayhem_restart/Mayhem_Attribute_Conflation/.venv/bin/python scripts/baseline_heuristics.py --baseline hybrid --attribute website --data data/golden_dataset_200.json --output data/results/predictions_baseline_hybrid_200_real_website.json

Using baseline: Hybrid for attribute: website
Predictions saved to data/results/predictions_baseline_hybrid_200_real_website.json

Prediction distribution: {'base': 33, 'current': 84, 'same': 83}


================================================================================
STEP: Evaluate Baseline 'hybrid' (website)
================================================================================
Running: /Users/katemikhailova/mayhem_restart/Mayhem_Attribute_Conflation/.venv/bin/python scripts/evaluate_models.py --predictions data/results/predictions_baseline_hybrid_200_real_website.json --golden data/golden_dataset_200.json --attribute website --algorithm-name Baseline Hybrid (website) --output data/results/baseline_evaluation_200_real_hybrid_website.json
Loading predictions from data/results/predictions_baseline_hybrid_200_real_website.json...
Loading golden labels from data/golden_dataset_200.json...

================================================================================
EVALUATION REPORT: Baseline Hybrid (website)
================================================================================

Metrics:
  F1-Score:    0.8323 (83.23%)
  Accuracy:    0.7400 (74.00%)
  Precision:   0.7725 (77.25%)
  Recall:      0.9021 (90.21%)

Coverage:
  Total Records: 200
  Unclear:       0
  Coverage:      1.0000 (100.00%)

KR Targets:
  KR1 (Beat baseline by 15%+): [TBD]
  KR2 (F1 > 0.90): [NO]
  KR3 (Coverage > 99%): [YES]

Results saved to data/results/baseline_evaluation_200_real_hybrid_website.json


Skipping final ML inference for website on 2000 records.

################################################################################
PROCESSING ATTRIBUTE: ADDRESS
################################################################################

Synthetic golden dataset already generated (skip for subsequent attributes).

================================================================================
STEP: Process Synthetic Data (Features for address)
================================================================================
Running: /Users/katemikhailova/mayhem_restart/Mayhem_Attribute_Conflation/.venv/bin/python -m scripts.process_synthetic_data --attribute address
Loading synthetic dataset from data/synthetic_golden_dataset_2k.json...
Converted 2000 records to DataFrame.
Extracting features for 'address'...
Applying labels...
✅ Saved features with labels to data/processed/features_address_synthetic.parquet


================================================================================
STEP: Train ML Models (address)
================================================================================
Running: /Users/katemikhailova/mayhem_restart/Mayhem_Attribute_Conflation/.venv/bin/python scripts/train_models.py --features data/processed/features_address_synthetic.parquet --output-dir models/ml/address
Loading training data from data/processed/features_address_synthetic.parquet...
Loaded 2000 samples with 19 features
Label distribution: {'c': 1012, 'b': 988}

Train set: 1600 samples
Val set:   400 samples

Training Logistic Regression...
  Train F1: 1.0000
  Val F1:   1.0000
  Val Acc:  1.0000
  Train Duration: 0.00s
  Peak Memory: 193.36MB

Training Random Forest...
  Train F1: 1.0000
  Val F1:   1.0000
  Val Acc:  1.0000
  Train Duration: 0.16s
  Peak Memory: 195.41MB
  Top 5 features: ['addr_current_has_postcode', 'addr_components_diff', 'addr_current_components', 'addr_base_has_postcode', 'addr_base_components']

Training Gradient Boosting...
  Train F1: 1.0000
  Val F1:   1.0000
  Val Acc:  1.0000
  Train Duration: 0.06s
  Peak Memory: 196.31MB
  Top 5 features: ['addr_current_has_postcode', 'addr_base_has_postcode', 'addr_components_diff', 'addr_exact_match_lower', 'addr_levenshtein_similarity']

================================================================================
Best Model: logistic_regression (F1: 1.0000)
================================================================================
Saved best model to models/ml/address/best_model_logistic_regression.joblib
Saved scaler to models/ml/address/scaler_logistic_regression.joblib
Saved training summary to models/ml/address/training_summary.json


================================================================================
STEP: Run ML Inference on 200 Real Records (address)
================================================================================
Running: /Users/katemikhailova/mayhem_restart/Mayhem_Attribute_Conflation/.venv/bin/python -m scripts.run_inference --attribute address --data data/golden_dataset_200.json --model models/ml/address/best_model_logistic_regression.joblib --output data/results/ml_predictions_200_real_address.json
================================================================================
RUNNING INFERENCE ON 2,000 OVERTURE RECORDS (ADDRESS ATTRIBUTE)
================================================================================
Initial memory usage: 96.77 MB
Loading Overture data from data/golden_dataset_200.json...
Loaded 200 records.
Loading model from models/ml/address/best_model_logistic_regression.joblib...
Model loaded: logistic_regression
Running gated inference for 'address' attribute...
Rule-resolved records: 0
ML-resolved records:   200

================================================================================
INFERENCE COMPLETE
================================================================================
Total Records: 200
Decisions: Current=29, Base=171
Results saved to: data/results/ml_predictions_200_real_address.json
Inference Duration: 0.0226 seconds
Initial Memory: 96.77 MB
Peak Memory: 171.84 MB

Sample Decisions:
[CURRENT] {'country': 'TH'}... vs {'country': 'TH'}... -> {'country': 'TH'}...
[BASE] {'freeform': 'Shop No F21/66, ... vs {'freeform': 'Shop No F21/66, ... -> {'freeform': 'Shop No F21/66, ...
[BASE] {'freeform': 'Calle Benito Juá... vs {'freeform': 'Carretera Transp... -> {'freeform': 'Carretera Transp...
[BASE] {'freeform': '8430 128 St', 'l... vs {'freeform': 'Unit - 23 8430 1... -> {'freeform': 'Unit - 23 8430 1...
[BASE] {'freeform': 'Rua Sobradinho, ... vs {'freeform': '100 Rua Sobradin... -> {'freeform': '100 Rua Sobradin...

STDERR: /Users/katemikhailova/mayhem_restart/Mayhem_Attribute_Conflation/.venv/lib/python3.13/site-packages/sklearn/utils/validation.py:2684: UserWarning: X has feature names, but LogisticRegression was fitted without feature names
  warnings.warn(
/Users/katemikhailova/mayhem_restart/Mayhem_Attribute_Conflation/.venv/lib/python3.13/site-packages/sklearn/utils/validation.py:2684: UserWarning: X has feature names, but LogisticRegression was fitted without feature names
  warnings.warn(


================================================================================
STEP: Evaluate ML Model on 200 Real Records (address)
================================================================================
Running: /Users/katemikhailova/mayhem_restart/Mayhem_Attribute_Conflation/.venv/bin/python scripts/evaluate_models.py --predictions data/results/ml_predictions_200_real_address.json --golden data/golden_dataset_200.json --attribute address --algorithm-name ML Model (address) --output data/results/ml_evaluation_200_real_address.json
Loading predictions from data/results/ml_predictions_200_real_address.json...
Loading golden labels from data/golden_dataset_200.json...

================================================================================
EVALUATION REPORT: ML Model (address)
================================================================================

Metrics:
  F1-Score:    0.2558 (25.58%)
  Accuracy:    0.3600 (36.00%)
  Precision:   0.7586 (75.86%)
  Recall:      0.1538 (15.38%)

Coverage:
  Total Records: 200
  Unclear:       0
  Coverage:      1.0000 (100.00%)

KR Targets:
  KR1 (Beat baseline by 15%+): [TBD]
  KR2 (F1 > 0.90): [NO]
  KR3 (Coverage > 99%): [YES]

Results saved to data/results/ml_evaluation_200_real_address.json


================================================================================
EVALUATING BASELINE HEURISTICS (ADDRESS)
================================================================================

================================================================================
STEP: Run Baseline 'most_recent' Predictions (address)
================================================================================
Running: /Users/katemikhailova/mayhem_restart/Mayhem_Attribute_Conflation/.venv/bin/python scripts/baseline_heuristics.py --baseline most_recent --attribute address --data data/golden_dataset_200.json --output data/results/predictions_baseline_most_recent_200_real_address.json

Using baseline: Most Recent for attribute: address
Predictions saved to data/results/predictions_baseline_most_recent_200_real_address.json

Prediction distribution: {'same': 37, 'current': 163}


================================================================================
STEP: Evaluate Baseline 'most_recent' (address)
================================================================================
Running: /Users/katemikhailova/mayhem_restart/Mayhem_Attribute_Conflation/.venv/bin/python scripts/evaluate_models.py --predictions data/results/predictions_baseline_most_recent_200_real_address.json --golden data/golden_dataset_200.json --attribute address --algorithm-name Baseline Most Recent (address) --output data/results/baseline_evaluation_200_real_most_recent_address.json
Loading predictions from data/results/predictions_baseline_most_recent_200_real_address.json...
Loading golden labels from data/golden_dataset_200.json...

================================================================================
EVALUATION REPORT: Baseline Most Recent (address)
================================================================================

Metrics:
  F1-Score:    0.8338 (83.38%)
  Accuracy:    0.7150 (71.50%)
  Precision:   0.7150 (71.50%)
  Recall:      1.0000 (100.00%)

Coverage:
  Total Records: 200
  Unclear:       0
  Coverage:      1.0000 (100.00%)

KR Targets:
  KR1 (Beat baseline by 15%+): [TBD]
  KR2 (F1 > 0.90): [NO]
  KR3 (Coverage > 99%): [YES]

Results saved to data/results/baseline_evaluation_200_real_most_recent_address.json


================================================================================
STEP: Run Baseline 'confidence' Predictions (address)
================================================================================
Running: /Users/katemikhailova/mayhem_restart/Mayhem_Attribute_Conflation/.venv/bin/python scripts/baseline_heuristics.py --baseline confidence --attribute address --data data/golden_dataset_200.json --output data/results/predictions_baseline_confidence_200_real_address.json

Using baseline: Confidence-Based for attribute: address
Predictions saved to data/results/predictions_baseline_confidence_200_real_address.json

Prediction distribution: {'same': 88, 'base': 59, 'current': 53}


================================================================================
STEP: Evaluate Baseline 'confidence' (address)
================================================================================
Running: /Users/katemikhailova/mayhem_restart/Mayhem_Attribute_Conflation/.venv/bin/python scripts/evaluate_models.py --predictions data/results/predictions_baseline_confidence_200_real_address.json --golden data/golden_dataset_200.json --attribute address --algorithm-name Baseline Confidence (address) --output data/results/baseline_evaluation_200_real_confidence_address.json
Loading predictions from data/results/predictions_baseline_confidence_200_real_address.json...
Loading golden labels from data/golden_dataset_200.json...

================================================================================
EVALUATION REPORT: Baseline Confidence (address)
================================================================================

Metrics:
  F1-Score:    0.7535 (75.35%)
  Accuracy:    0.6500 (65.00%)
  Precision:   0.7589 (75.89%)
  Recall:      0.7483 (74.83%)

Coverage:
  Total Records: 200
  Unclear:       0
  Coverage:      1.0000 (100.00%)

KR Targets:
  KR1 (Beat baseline by 15%+): [TBD]
  KR2 (F1 > 0.90): [NO]
  KR3 (Coverage > 99%): [YES]

Results saved to data/results/baseline_evaluation_200_real_confidence_address.json


================================================================================
STEP: Run Baseline 'completeness' Predictions (address)
================================================================================
Running: /Users/katemikhailova/mayhem_restart/Mayhem_Attribute_Conflation/.venv/bin/python scripts/baseline_heuristics.py --baseline completeness --attribute address --data data/golden_dataset_200.json --output data/results/predictions_baseline_completeness_200_real_address.json

Using baseline: Completeness-Based for attribute: address
Predictions saved to data/results/predictions_baseline_completeness_200_real_address.json

Prediction distribution: {'same': 37, 'current': 163}


================================================================================
STEP: Evaluate Baseline 'completeness' (address)
================================================================================
Running: /Users/katemikhailova/mayhem_restart/Mayhem_Attribute_Conflation/.venv/bin/python scripts/evaluate_models.py --predictions data/results/predictions_baseline_completeness_200_real_address.json --golden data/golden_dataset_200.json --attribute address --algorithm-name Baseline Completeness (address) --output data/results/baseline_evaluation_200_real_completeness_address.json
Loading predictions from data/results/predictions_baseline_completeness_200_real_address.json...
Loading golden labels from data/golden_dataset_200.json...

================================================================================
EVALUATION REPORT: Baseline Completeness (address)
================================================================================

Metrics:
  F1-Score:    0.8338 (83.38%)
  Accuracy:    0.7150 (71.50%)
  Precision:   0.7150 (71.50%)
  Recall:      1.0000 (100.00%)

Coverage:
  Total Records: 200
  Unclear:       0
  Coverage:      1.0000 (100.00%)

KR Targets:
  KR1 (Beat baseline by 15%+): [TBD]
  KR2 (F1 > 0.90): [NO]
  KR3 (Coverage > 99%): [YES]

Results saved to data/results/baseline_evaluation_200_real_completeness_address.json


================================================================================
STEP: Run Baseline 'hybrid' Predictions (address)
================================================================================
Running: /Users/katemikhailova/mayhem_restart/Mayhem_Attribute_Conflation/.venv/bin/python scripts/baseline_heuristics.py --baseline hybrid --attribute address --data data/golden_dataset_200.json --output data/results/predictions_baseline_hybrid_200_real_address.json

Using baseline: Hybrid for attribute: address
Predictions saved to data/results/predictions_baseline_hybrid_200_real_address.json

Prediction distribution: {'same': 37, 'current': 163}


================================================================================
STEP: Evaluate Baseline 'hybrid' (address)
================================================================================
Running: /Users/katemikhailova/mayhem_restart/Mayhem_Attribute_Conflation/.venv/bin/python scripts/evaluate_models.py --predictions data/results/predictions_baseline_hybrid_200_real_address.json --golden data/golden_dataset_200.json --attribute address --algorithm-name Baseline Hybrid (address) --output data/results/baseline_evaluation_200_real_hybrid_address.json
Loading predictions from data/results/predictions_baseline_hybrid_200_real_address.json...
Loading golden labels from data/golden_dataset_200.json...

================================================================================
EVALUATION REPORT: Baseline Hybrid (address)
================================================================================

Metrics:
  F1-Score:    0.8338 (83.38%)
  Accuracy:    0.7150 (71.50%)
  Precision:   0.7150 (71.50%)
  Recall:      1.0000 (100.00%)

Coverage:
  Total Records: 200
  Unclear:       0
  Coverage:      1.0000 (100.00%)

KR Targets:
  KR1 (Beat baseline by 15%+): [TBD]
  KR2 (F1 > 0.90): [NO]
  KR3 (Coverage > 99%): [YES]

Results saved to data/results/baseline_evaluation_200_real_hybrid_address.json


Skipping final ML inference for address on 2000 records.

################################################################################
PROCESSING ATTRIBUTE: CATEGORY
################################################################################

Synthetic golden dataset already generated (skip for subsequent attributes).

================================================================================
STEP: Process Synthetic Data (Features for category)
================================================================================
Running: /Users/katemikhailova/mayhem_restart/Mayhem_Attribute_Conflation/.venv/bin/python -m scripts.process_synthetic_data --attribute category
Loading synthetic dataset from data/synthetic_golden_dataset_2k.json...
Converted 2000 records to DataFrame.
Extracting features for 'category'...
Applying labels...
✅ Saved features with labels to data/processed/features_category_synthetic.parquet


================================================================================
STEP: Train ML Models (category)
================================================================================
Running: /Users/katemikhailova/mayhem_restart/Mayhem_Attribute_Conflation/.venv/bin/python scripts/train_models.py --features data/processed/features_category_synthetic.parquet --output-dir models/ml/category
Loading training data from data/processed/features_category_synthetic.parquet...
Loaded 2000 samples with 17 features
Label distribution: {'c': 1012, 'b': 988}

Train set: 1600 samples
Val set:   400 samples

Training Logistic Regression...
  Train F1: 0.6730
  Val F1:   0.6722
  Val Acc:  0.5075
  Train Duration: 0.00s
  Peak Memory: 192.83MB

Training Random Forest...
  Train F1: 0.7563
  Val F1:   0.5024
  Val Acc:  0.4850
  Train Duration: 0.17s
  Peak Memory: 206.72MB
  Top 5 features: ['cat_length_ratio', 'cat_levenshtein_similarity', 'cat_jaro_winkler_similarity', 'cat_exact_match', 'cat_exact_match_lower']

Training Gradient Boosting...
  Train F1: 0.6805
  Val F1:   0.5411
  Val Acc:  0.5250
  Train Duration: 0.23s
  Peak Memory: 208.28MB
  Top 5 features: ['cat_length_ratio', 'cat_jaro_winkler_similarity', 'cat_levenshtein_similarity', 'cat_current_exists', 'cat_exact_match']

================================================================================
Best Model: logistic_regression (F1: 0.6722)
================================================================================
Saved best model to models/ml/category/best_model_logistic_regression.joblib
Saved scaler to models/ml/category/scaler_logistic_regression.joblib
Saved training summary to models/ml/category/training_summary.json


================================================================================
STEP: Run ML Inference on 200 Real Records (category)
================================================================================
Running: /Users/katemikhailova/mayhem_restart/Mayhem_Attribute_Conflation/.venv/bin/python -m scripts.run_inference --attribute category --data data/golden_dataset_200.json --model models/ml/category/best_model_logistic_regression.joblib --output data/results/ml_predictions_200_real_category.json
================================================================================
RUNNING INFERENCE ON 2,000 OVERTURE RECORDS (CATEGORY ATTRIBUTE)
================================================================================
Initial memory usage: 97.02 MB
Loading Overture data from data/golden_dataset_200.json...
Loaded 200 records.
Loading model from models/ml/category/best_model_logistic_regression.joblib...
Model loaded: logistic_regression
Running gated inference for 'category' attribute...
Rule-resolved records: 0
ML-resolved records:   200

================================================================================
INFERENCE COMPLETE
================================================================================
Total Records: 200
Decisions: Current=144, Base=56
Results saved to: data/results/ml_predictions_200_real_category.json
Inference Duration: 0.0227 seconds
Initial Memory: 97.02 MB
Peak Memory: 171.91 MB

Sample Decisions:
[CURRENT] beauty_salon... vs Business and Professional Serv... -> beauty_salon...
[BASE] pharmacy... vs pharmacy... -> pharmacy...
[CURRENT] home_and_garden... vs Retail > Hardware Store... -> home_and_garden...
[BASE] jewelry_store... vs jewelry_store... -> jewelry_store...
[CURRENT] real_estate... vs Business and Professional Serv... -> real_estate...

STDERR: /Users/katemikhailova/mayhem_restart/Mayhem_Attribute_Conflation/.venv/lib/python3.13/site-packages/sklearn/utils/validation.py:2684: UserWarning: X has feature names, but LogisticRegression was fitted without feature names
  warnings.warn(
/Users/katemikhailova/mayhem_restart/Mayhem_Attribute_Conflation/.venv/lib/python3.13/site-packages/sklearn/utils/validation.py:2684: UserWarning: X has feature names, but LogisticRegression was fitted without feature names
  warnings.warn(


================================================================================
STEP: Evaluate ML Model on 200 Real Records (category)
================================================================================
Running: /Users/katemikhailova/mayhem_restart/Mayhem_Attribute_Conflation/.venv/bin/python scripts/evaluate_models.py --predictions data/results/ml_predictions_200_real_category.json --golden data/golden_dataset_200.json --attribute category --algorithm-name ML Model (category) --output data/results/ml_evaluation_200_real_category.json
Loading predictions from data/results/ml_predictions_200_real_category.json...
Loading golden labels from data/golden_dataset_200.json...

================================================================================
EVALUATION REPORT: ML Model (category)
================================================================================

Metrics:
  F1-Score:    0.6760 (67.60%)
  Accuracy:    0.5350 (53.50%)
  Precision:   0.6736 (67.36%)
  Recall:      0.6783 (67.83%)

Coverage:
  Total Records: 200
  Unclear:       0
  Coverage:      1.0000 (100.00%)

KR Targets:
  KR1 (Beat baseline by 15%+): [TBD]
  KR2 (F1 > 0.90): [NO]
  KR3 (Coverage > 99%): [YES]

Results saved to data/results/ml_evaluation_200_real_category.json


================================================================================
EVALUATING BASELINE HEURISTICS (CATEGORY)
================================================================================

================================================================================
STEP: Run Baseline 'most_recent' Predictions (category)
================================================================================
Running: /Users/katemikhailova/mayhem_restart/Mayhem_Attribute_Conflation/.venv/bin/python scripts/baseline_heuristics.py --baseline most_recent --attribute category --data data/golden_dataset_200.json --output data/results/predictions_baseline_most_recent_200_real_category.json

Using baseline: Most Recent for attribute: category
Predictions saved to data/results/predictions_baseline_most_recent_200_real_category.json

Prediction distribution: {'current': 144, 'same': 56}


================================================================================
STEP: Evaluate Baseline 'most_recent' (category)
================================================================================
Running: /Users/katemikhailova/mayhem_restart/Mayhem_Attribute_Conflation/.venv/bin/python scripts/evaluate_models.py --predictions data/results/predictions_baseline_most_recent_200_real_category.json --golden data/golden_dataset_200.json --attribute category --algorithm-name Baseline Most Recent (category) --output data/results/baseline_evaluation_200_real_most_recent_category.json
Loading predictions from data/results/predictions_baseline_most_recent_200_real_category.json...
Loading golden labels from data/golden_dataset_200.json...

================================================================================
EVALUATION REPORT: Baseline Most Recent (category)
================================================================================

Metrics:
  F1-Score:    0.8338 (83.38%)
  Accuracy:    0.7150 (71.50%)
  Precision:   0.7150 (71.50%)
  Recall:      1.0000 (100.00%)

Coverage:
  Total Records: 200
  Unclear:       0
  Coverage:      1.0000 (100.00%)

KR Targets:
  KR1 (Beat baseline by 15%+): [TBD]
  KR2 (F1 > 0.90): [NO]
  KR3 (Coverage > 99%): [YES]

Results saved to data/results/baseline_evaluation_200_real_most_recent_category.json


================================================================================
STEP: Run Baseline 'confidence' Predictions (category)
================================================================================
Running: /Users/katemikhailova/mayhem_restart/Mayhem_Attribute_Conflation/.venv/bin/python scripts/baseline_heuristics.py --baseline confidence --attribute category --data data/golden_dataset_200.json --output data/results/predictions_baseline_confidence_200_real_category.json

Using baseline: Confidence-Based for attribute: category
Predictions saved to data/results/predictions_baseline_confidence_200_real_category.json

Prediction distribution: {'base': 68, 'same': 95, 'current': 37}


================================================================================
STEP: Evaluate Baseline 'confidence' (category)
================================================================================
Running: /Users/katemikhailova/mayhem_restart/Mayhem_Attribute_Conflation/.venv/bin/python scripts/evaluate_models.py --predictions data/results/predictions_baseline_confidence_200_real_category.json --golden data/golden_dataset_200.json --attribute category --algorithm-name Baseline Confidence (category) --output data/results/baseline_evaluation_200_real_confidence_category.json
Loading predictions from data/results/predictions_baseline_confidence_200_real_category.json...
Loading golden labels from data/golden_dataset_200.json...

================================================================================
EVALUATION REPORT: Baseline Confidence (category)
================================================================================

Metrics:
  F1-Score:    0.7564 (75.64%)
  Accuracy:    0.6650 (66.50%)
  Precision:   0.7879 (78.79%)
  Recall:      0.7273 (72.73%)

Coverage:
  Total Records: 200
  Unclear:       0
  Coverage:      1.0000 (100.00%)

KR Targets:
  KR1 (Beat baseline by 15%+): [TBD]
  KR2 (F1 > 0.90): [NO]
  KR3 (Coverage > 99%): [YES]

Results saved to data/results/baseline_evaluation_200_real_confidence_category.json


================================================================================
STEP: Run Baseline 'completeness' Predictions (category)
================================================================================
Running: /Users/katemikhailova/mayhem_restart/Mayhem_Attribute_Conflation/.venv/bin/python scripts/baseline_heuristics.py --baseline completeness --attribute category --data data/golden_dataset_200.json --output data/results/predictions_baseline_completeness_200_real_category.json

Using baseline: Completeness-Based for attribute: category
Predictions saved to data/results/predictions_baseline_completeness_200_real_category.json

Prediction distribution: {'base': 83, 'same': 56, 'current': 61}


================================================================================
STEP: Evaluate Baseline 'completeness' (category)
================================================================================
Running: /Users/katemikhailova/mayhem_restart/Mayhem_Attribute_Conflation/.venv/bin/python scripts/evaluate_models.py --predictions data/results/predictions_baseline_completeness_200_real_category.json --golden data/golden_dataset_200.json --attribute category --algorithm-name Baseline Completeness (category) --output data/results/baseline_evaluation_200_real_completeness_category.json
Loading predictions from data/results/predictions_baseline_completeness_200_real_category.json...
Loading golden labels from data/golden_dataset_200.json...

================================================================================
EVALUATION REPORT: Baseline Completeness (category)
================================================================================

Metrics:
  F1-Score:    0.7231 (72.31%)
  Accuracy:    0.6400 (64.00%)
  Precision:   0.8034 (80.34%)
  Recall:      0.6573 (65.73%)

Coverage:
  Total Records: 200
  Unclear:       0
  Coverage:      1.0000 (100.00%)

KR Targets:
  KR1 (Beat baseline by 15%+): [TBD]
  KR2 (F1 > 0.90): [NO]
  KR3 (Coverage > 99%): [YES]

Results saved to data/results/baseline_evaluation_200_real_completeness_category.json


================================================================================
STEP: Run Baseline 'hybrid' Predictions (category)
================================================================================
Running: /Users/katemikhailova/mayhem_restart/Mayhem_Attribute_Conflation/.venv/bin/python scripts/baseline_heuristics.py --baseline hybrid --attribute category --data data/golden_dataset_200.json --output data/results/predictions_baseline_hybrid_200_real_category.json

Using baseline: Hybrid for attribute: category
Predictions saved to data/results/predictions_baseline_hybrid_200_real_category.json

Prediction distribution: {'base': 44, 'same': 56, 'current': 100}


================================================================================
STEP: Evaluate Baseline 'hybrid' (category)
================================================================================
Running: /Users/katemikhailova/mayhem_restart/Mayhem_Attribute_Conflation/.venv/bin/python scripts/evaluate_models.py --predictions data/results/predictions_baseline_hybrid_200_real_category.json --golden data/golden_dataset_200.json --attribute category --algorithm-name Baseline Hybrid (category) --output data/results/baseline_evaluation_200_real_hybrid_category.json
Loading predictions from data/results/predictions_baseline_hybrid_200_real_category.json...
Loading golden labels from data/golden_dataset_200.json...

================================================================================
EVALUATION REPORT: Baseline Hybrid (category)
================================================================================

Metrics:
  F1-Score:    0.8094 (80.94%)
  Accuracy:    0.7150 (71.50%)
  Precision:   0.7756 (77.56%)
  Recall:      0.8462 (84.62%)

Coverage:
  Total Records: 200
  Unclear:       0
  Coverage:      1.0000 (100.00%)

KR Targets:
  KR1 (Beat baseline by 15%+): [TBD]
  KR2 (F1 > 0.90): [NO]
  KR3 (Coverage > 99%): [YES]

Results saved to data/results/baseline_evaluation_200_real_hybrid_category.json


Skipping final ML inference for category on 2000 records.

Skipping final consolidation.

================================================================================
COMPLETE PIPELINE RUN FINISHED
================================================================================

Next steps: Analyze evaluation reports in data/results/ and compare performance metrics.
