
================================================================================
OBJECTIVE 2 (OKR 2) ALGORITHM PIPELINE
================================================================================
Attributes to process: website
Working directory: /Users/katemikhailova/mayhem_restart/Mayhem_Attribute_Conflation

################################################################################
PROCESSING ATTRIBUTE: WEBSITE
################################################################################

Synthetic golden dataset already generated (skip for subsequent attributes).

================================================================================
STEP: Process Synthetic Data (Features for website)
================================================================================
Running: /Users/katemikhailova/mayhem_restart/Mayhem_Attribute_Conflation/.venv/bin/python -m scripts.process_synthetic_data --attribute website --no-metadata
Loading synthetic dataset from data/synthetic_golden_dataset_2k.json...
Converted 2000 records to DataFrame.
Extracting features for 'website'...
Applying labels...
✅ Saved features with labels to data/processed/features_website_synthetic.parquet


================================================================================
STEP: Train ML Models (website)
================================================================================
Running: /Users/katemikhailova/mayhem_restart/Mayhem_Attribute_Conflation/.venv/bin/python scripts/train_models.py --features data/processed/features_website_synthetic.parquet --output-dir models/ml/website
Loading training data from data/processed/features_website_synthetic.parquet...
Loaded 2000 samples with 13 features
Label distribution: {'b': 1004, 'c': 996}

Train set: 1600 samples
Val set:   400 samples

Training Logistic Regression...
  Train F1: 0.4056
  Val F1:   0.3671
  Val Acc:  0.5000
  Train Duration: 0.00s
  Peak Memory: 192.94MB

Training Random Forest...
  Train F1: 0.3318
  Val F1:   0.2462
  Val Acc:  0.5100
  Train Duration: 0.17s
  Peak Memory: 196.89MB
  Top 5 features: ['web_len_diff', 'web_len_ratio', 'web_length_ratio', 'web_exact_match_lower', 'web_exact_match']

Training Gradient Boosting...
  Train F1: 0.3281
  Val F1:   0.2462
  Val Acc:  0.5100
  Train Duration: 0.09s
  Peak Memory: 198.14MB
  Top 5 features: ['web_len_diff', 'web_len_ratio', 'web_length_ratio', 'web_exact_match_lower', 'web_jaro_winkler_similarity']

================================================================================
Best Model: logistic_regression (F1: 0.3671)
================================================================================
Saved best model to models/ml/website/best_model_logistic_regression.joblib
Saved scaler to models/ml/website/scaler_logistic_regression.joblib
Saved training summary to models/ml/website/training_summary.json


================================================================================
STEP: Run ML Inference on 200 Real Records (website)
================================================================================
Running: /Users/katemikhailova/mayhem_restart/Mayhem_Attribute_Conflation/.venv/bin/python -m scripts.run_inference --attribute website --data data/golden_dataset_200.json --model models/ml/website/best_model_logistic_regression.joblib --output data/results/ml_predictions_200_real_website.json
================================================================================
RUNNING INFERENCE ON 2,000 OVERTURE RECORDS (WEBSITE ATTRIBUTE)
================================================================================
Initial memory usage: 97.09 MB
Loading Overture data from data/golden_dataset_200.json...
Loaded 200 records.
Loading model from models/ml/website/best_model_logistic_regression.joblib...
Model loaded: logistic_regression
Extracting features for 'website' attribute...
Predicting best attributes...

================================================================================
INFERENCE COMPLETE
================================================================================
Total Records: 200
Decisions: Current=0, Base=200
Results saved to: data/results/ml_predictions_200_real_website.json
Inference Duration: 0.0020 seconds
Initial Memory: 97.09 MB
Peak Memory: 171.23 MB

Sample Decisions:
[BASE] nan... vs None... -> None...
[BASE] http://sector15rohini.davaindi... vs https://pharmacy-nearme.davain... -> https://pharmacy-nearme.davain...
[BASE] http://www.homedepot.com.mx/... vs http://www.homedepot.com... -> http://www.homedepot.com...
[BASE] http://soneijewellers.ca/... vs https://soneijewellers.ca/... -> https://soneijewellers.ca/...
[BASE] http://www.imobiliariaalegro.c... vs None... -> None...

STDERR: /Users/katemikhailova/mayhem_restart/Mayhem_Attribute_Conflation/.venv/lib/python3.13/site-packages/sklearn/utils/validation.py:2684: UserWarning: X has feature names, but LogisticRegression was fitted without feature names
  warnings.warn(
/Users/katemikhailova/mayhem_restart/Mayhem_Attribute_Conflation/.venv/lib/python3.13/site-packages/sklearn/utils/validation.py:2684: UserWarning: X has feature names, but LogisticRegression was fitted without feature names
  warnings.warn(


================================================================================
STEP: Evaluate ML Model on 200 Real Records (website)
================================================================================
Running: /Users/katemikhailova/mayhem_restart/Mayhem_Attribute_Conflation/.venv/bin/python scripts/evaluate_models.py --predictions data/results/ml_predictions_200_real_website.json --golden data/golden_dataset_200.json --attribute website --algorithm-name ML Model (website) --output data/results/ml_evaluation_200_real_website.json
Loading predictions from data/results/ml_predictions_200_real_website.json...
Loading golden labels from data/golden_dataset_200.json...

================================================================================
EVALUATION REPORT: ML Model (website)
================================================================================

Metrics:
  F1-Score:    0.0000 (0.00%)
  Accuracy:    0.2850 (28.50%)
  Precision:   0.0000 (0.00%)
  Recall:      0.0000 (0.00%)

Coverage:
  Total Records: 200
  Unclear:       0
  Coverage:      1.0000 (100.00%)

KR Targets:
  KR1 (Beat baseline by 15%+): [TBD]
  KR2 (F1 > 0.90): [NO]
  KR3 (Coverage > 99%): [YES]

Results saved to data/results/ml_evaluation_200_real_website.json


================================================================================
EVALUATING BASELINE HEURISTICS (WEBSITE)
================================================================================

================================================================================
STEP: Run Baseline 'most_recent' Predictions (website)
================================================================================
Running: /Users/katemikhailova/mayhem_restart/Mayhem_Attribute_Conflation/.venv/bin/python scripts/baseline_heuristics.py --baseline most_recent --attribute website --data data/golden_dataset_200.json --output data/results/predictions_baseline_most_recent_200_real_website.json

Using baseline: Most Recent for attribute: website
Predictions saved to data/results/predictions_baseline_most_recent_200_real_website.json

Prediction distribution: {'base': 33, 'current': 84, 'same': 83}


================================================================================
STEP: Evaluate Baseline 'most_recent' (website)
================================================================================
Running: /Users/katemikhailova/mayhem_restart/Mayhem_Attribute_Conflation/.venv/bin/python scripts/evaluate_models.py --predictions data/results/predictions_baseline_most_recent_200_real_website.json --golden data/golden_dataset_200.json --attribute website --algorithm-name Baseline Most Recent (website) --output data/results/baseline_evaluation_200_real_most_recent_website.json
Loading predictions from data/results/predictions_baseline_most_recent_200_real_website.json...
Loading golden labels from data/golden_dataset_200.json...

================================================================================
EVALUATION REPORT: Baseline Most Recent (website)
================================================================================

Metrics:
  F1-Score:    0.8323 (83.23%)
  Accuracy:    0.7400 (74.00%)
  Precision:   0.7725 (77.25%)
  Recall:      0.9021 (90.21%)

Coverage:
  Total Records: 200
  Unclear:       0
  Coverage:      1.0000 (100.00%)

KR Targets:
  KR1 (Beat baseline by 15%+): [TBD]
  KR2 (F1 > 0.90): [NO]
  KR3 (Coverage > 99%): [YES]

Results saved to data/results/baseline_evaluation_200_real_most_recent_website.json


================================================================================
STEP: Run Baseline 'confidence' Predictions (website)
================================================================================
Running: /Users/katemikhailova/mayhem_restart/Mayhem_Attribute_Conflation/.venv/bin/python scripts/baseline_heuristics.py --baseline confidence --attribute website --data data/golden_dataset_200.json --output data/results/predictions_baseline_confidence_200_real_website.json

Using baseline: Confidence-Based for attribute: website
Predictions saved to data/results/predictions_baseline_confidence_200_real_website.json

Prediction distribution: {'base': 57, 'same': 119, 'current': 24}


================================================================================
STEP: Evaluate Baseline 'confidence' (website)
================================================================================
Running: /Users/katemikhailova/mayhem_restart/Mayhem_Attribute_Conflation/.venv/bin/python scripts/evaluate_models.py --predictions data/results/predictions_baseline_confidence_200_real_website.json --golden data/golden_dataset_200.json --attribute website --algorithm-name Baseline Confidence (website) --output data/results/baseline_evaluation_200_real_confidence_website.json
Loading predictions from data/results/predictions_baseline_confidence_200_real_website.json...
Loading golden labels from data/golden_dataset_200.json...

================================================================================
EVALUATION REPORT: Baseline Confidence (website)
================================================================================

Metrics:
  F1-Score:    0.7832 (78.32%)
  Accuracy:    0.6900 (69.00%)
  Precision:   0.7832 (78.32%)
  Recall:      0.7832 (78.32%)

Coverage:
  Total Records: 200
  Unclear:       0
  Coverage:      1.0000 (100.00%)

KR Targets:
  KR1 (Beat baseline by 15%+): [TBD]
  KR2 (F1 > 0.90): [NO]
  KR3 (Coverage > 99%): [YES]

Results saved to data/results/baseline_evaluation_200_real_confidence_website.json


================================================================================
STEP: Run Baseline 'completeness' Predictions (website)
================================================================================
Running: /Users/katemikhailova/mayhem_restart/Mayhem_Attribute_Conflation/.venv/bin/python scripts/baseline_heuristics.py --baseline completeness --attribute website --data data/golden_dataset_200.json --output data/results/predictions_baseline_completeness_200_real_website.json

Using baseline: Completeness-Based for attribute: website
Predictions saved to data/results/predictions_baseline_completeness_200_real_website.json

Prediction distribution: {'base': 33, 'current': 84, 'same': 83}


================================================================================
STEP: Evaluate Baseline 'completeness' (website)
================================================================================
Running: /Users/katemikhailova/mayhem_restart/Mayhem_Attribute_Conflation/.venv/bin/python scripts/evaluate_models.py --predictions data/results/predictions_baseline_completeness_200_real_website.json --golden data/golden_dataset_200.json --attribute website --algorithm-name Baseline Completeness (website) --output data/results/baseline_evaluation_200_real_completeness_website.json
Loading predictions from data/results/predictions_baseline_completeness_200_real_website.json...
Loading golden labels from data/golden_dataset_200.json...

================================================================================
EVALUATION REPORT: Baseline Completeness (website)
================================================================================

Metrics:
  F1-Score:    0.8323 (83.23%)
  Accuracy:    0.7400 (74.00%)
  Precision:   0.7725 (77.25%)
  Recall:      0.9021 (90.21%)

Coverage:
  Total Records: 200
  Unclear:       0
  Coverage:      1.0000 (100.00%)

KR Targets:
  KR1 (Beat baseline by 15%+): [TBD]
  KR2 (F1 > 0.90): [NO]
  KR3 (Coverage > 99%): [YES]

Results saved to data/results/baseline_evaluation_200_real_completeness_website.json


================================================================================
STEP: Run Baseline 'hybrid' Predictions (website)
================================================================================
Running: /Users/katemikhailova/mayhem_restart/Mayhem_Attribute_Conflation/.venv/bin/python scripts/baseline_heuristics.py --baseline hybrid --attribute website --data data/golden_dataset_200.json --output data/results/predictions_baseline_hybrid_200_real_website.json

Using baseline: Hybrid for attribute: website
Predictions saved to data/results/predictions_baseline_hybrid_200_real_website.json

Prediction distribution: {'base': 33, 'current': 84, 'same': 83}


================================================================================
STEP: Evaluate Baseline 'hybrid' (website)
================================================================================
Running: /Users/katemikhailova/mayhem_restart/Mayhem_Attribute_Conflation/.venv/bin/python scripts/evaluate_models.py --predictions data/results/predictions_baseline_hybrid_200_real_website.json --golden data/golden_dataset_200.json --attribute website --algorithm-name Baseline Hybrid (website) --output data/results/baseline_evaluation_200_real_hybrid_website.json
Loading predictions from data/results/predictions_baseline_hybrid_200_real_website.json...
Loading golden labels from data/golden_dataset_200.json...

================================================================================
EVALUATION REPORT: Baseline Hybrid (website)
================================================================================

Metrics:
  F1-Score:    0.8323 (83.23%)
  Accuracy:    0.7400 (74.00%)
  Precision:   0.7725 (77.25%)
  Recall:      0.9021 (90.21%)

Coverage:
  Total Records: 200
  Unclear:       0
  Coverage:      1.0000 (100.00%)

KR Targets:
  KR1 (Beat baseline by 15%+): [TBD]
  KR2 (F1 > 0.90): [NO]
  KR3 (Coverage > 99%): [YES]

Results saved to data/results/baseline_evaluation_200_real_hybrid_website.json


Skipping final ML inference for website on 2000 records.

Skipping final consolidation.

================================================================================
COMPLETE PIPELINE RUN FINISHED
================================================================================

Next steps: Analyze evaluation reports in data/results/ and compare performance metrics.
